// Jest Snapshot v1, https://goo.gl/fbAQLP

exports[`CloseIcon renders a svg icon 1`] = `
<svg
  height="12"
  viewBox="0 0 12 12"
  width="12"
>
  <path
    d="M12 1.427L10.573 0 5.997 4.576 1.424.003l-1.42 1.42 4.572 4.574L0 10.573 1.427 12l4.576-4.576 4.573 4.573 1.42-1.42-4.572-4.574L12 1.427z"
    fill="#B3B3B3"
    fillRule="evenodd"
  />
</svg>
`;
